// Jest Snapshot v1, https://goo.gl/fbAQLP

exports[`<Header /> component renders correctly 1`] = `
Header {
  "$$": Object {
    "after_update": Array [],
    "before_update": Array [],
    "bound": Object {},
    "callbacks": Object {},
    "context": Map {},
    "ctx": Array [],
    "dirty": Array [
      -1,
    ],
    "fragment": Object {
      "c": [Function],
      "d": [Function],
      "i": [Function],
      "l": [Function],
      "m": [Function],
      "o": [Function],
      "p": [Function],
    },
    "not_equal": [Function],
    "on_destroy": Array [
      [Function],
    ],
    "on_disconnect": Array [],
    "on_mount": Array [],
    "props": Object {},
    "root": <div>
      <header
        class="svelte-wrs6mn"
      >
        <picture
          class="svelte-1svwpk4"
          data-size="medium"
        >
          <source />
           
          <img
            alt="Noiceless Logo"
            class="svelte-1svwpk4"
          />
        </picture>
         
        <nav
          class="svelte-1upcm0y"
        >
          <ul
            class="svelte-1upcm0y"
          >
            <li
              class="svelte-1upcm0y"
            >
              <a
                class="svelte-1upcm0y"
                href="/upload"
                sveltekit:prefetch=""
              >
                Upload
              </a>
            </li>
             
            <li
              class="svelte-1upcm0y"
            >
              <a
                class="svelte-1upcm0y"
                href="/about"
                sveltekit:prefetch=""
              >
                About
              </a>
            </li>
             
            <li
              class="svelte-1upcm0y"
            >
              <a
                class="svelte-1upcm0y"
                href="/api"
                sveltekit:prefetch=""
              >
                API
              </a>
            </li>
          </ul>
        </nav>
         
        <div
          class="svelte-8vfevs"
        >
          <a
            aria-label="Profile"
            class="svelte-1dsjpe6"
            data-type="ghost"
            href="/profile"
            type="button"
          >
            <svg
              fill="none"
              height="16"
              stroke="currentColor"
              stroke-linecap="round"
              stroke-linejoin="round"
              stroke-width="2"
              viewBox="0 0 24 24"
              width="16"
              xmlns="http://www.w3.org/2000/svg"
            >
              <path
                d="M20 21v-2a4 4 0 0 0-4-4H8a4 4 0 0 0-4 4v2"
              />
              <circle
                cx="12"
                cy="7"
                r="4"
              />
            </svg>
          </a>
          
           
          <a
            class="svelte-1dsjpe6"
            data-type="ghost"
            href="/signin"
            type="button"
          >
            Sign in
          </a>
          
        </div>
      </header>
    </div>,
    "skip_bound": false,
    "update": [Function],
  },
  "$capture_state": [Function],
}
`;
