// Jest Snapshot v1, https://goo.gl/fbAQLP

exports[`<SearchField /> component renders correctly 1`] = `
SearchField {
  "$$": Object {
    "after_update": Array [],
    "before_update": Array [],
    "bound": Object {},
    "callbacks": Object {},
    "context": Map {},
    "ctx": Array [],
    "dirty": Array [
      -1,
    ],
    "fragment": Object {
      "c": [Function],
      "d": [Function],
      "i": [Function],
      "l": [Function],
      "m": [Function],
      "o": [Function],
      "p": [Function],
    },
    "not_equal": [Function],
    "on_destroy": Array [
      [Function],
    ],
    "on_disconnect": Array [],
    "on_mount": Array [],
    "props": Object {},
    "root": <div>
      <div
        class="svelte-1dwmca1"
      >
        <input
          aria-label="Search"
          class="svelte-1dwmca1"
          name="Search"
          placeholder="Search"
          type="text"
        />
         
        <button
          aria-label="Search"
          class="svelte-1dwmca1"
        >
          <svg
            fill="none"
            height="1.3rem"
            stroke="currentColor"
            stroke-linecap="round"
            stroke-linejoin="round"
            stroke-width="3"
            viewBox="0 0 24 24"
            width="1.3rem"
            xmlns="http://www.w3.org/2000/svg"
          >
            <circle
              cx="11"
              cy="11"
              r="8"
            />
            <line
              x1="21"
              x2="16.65"
              y1="21"
              y2="16.65"
            />
          </svg>
        </button>
      </div>
    </div>,
    "skip_bound": false,
    "update": [Function],
  },
  "$capture_state": [Function],
}
`;
